// Jest Snapshot v1, https://goo.gl/fbAQLP

exports[`Board should render Board component correctly 1`] = `ReactWrapper {}`;
